The Czechoslovak kitchen, again, is so languorous, so passionate, and possibly comparable alone to a gypsy melody. The paprika and caraway perfume the meats with their antithesis. The opulent varieties of Czechoslovak past- ries recall in fact the rich heritage of rich embroideries and costumes specifically national. The art and science of cookery, however, is essentially French, and, irrespective of