When all seemed to be going well, a sortie surprised moment had charge of the mine ; the mine collapsed fame and glory. Gaunt was compelled to return even despised failure. The ' ribald ' Londoners, who Hawley, were also expressing their disappointment comparing the failure of a subsidized duke citizen.