None of these classes, except the yeomen, paid or expected to pay direct taxes. During the four- teenth century, the traditional methods of financing the Exchequer had become stabilized. When the King and his Council required additio- nal funds, they were usually granted an export tax on the wool trade, collected by means of that ' staple ' system which ensured that prices, quality and tax could be efficiently su- pervised and controlled, together with a