It seemed to the frightened judge as though his son would actually shoot the craft in under the outer end of the wharf. But by pressing the tiller hard over and at the same time dropping the small sheet of wet canvas, Bill cleared the corner of the pier by inches, and with the tiller still hard over, brought the yawl up against the waves