Mr. Copthorne was on dry land in a church outbuilding, but this was happening to him now. He saw himself as a sulky, ugly, malformed, repressed boy, then a young youth. He saw himself refusing baptism according to the sect his parents belonged to. Walking out of the chapel later on. Continuing on, his leaping mind flashed pictures of chi- canery and corruption, the growth of the dea- dly decadence and absorption in debase- ment and Satanic debauchery.