His voice was like his black and pin-stripe, a grey superimposition of respectability over the original colour of his own natural vowels, the result being somehow as ineffective, not just dusty-grey but muddy, slimy even. His digressions too, seemed to have no other purpose than the throwing of dust in his client's eyes, the dust of fake security, of the fake friend of the family, like the